#-----------------------------------------------------------
# Vivado v2015.2 (64-bit)
# SW Build 1266856 on Fri Jun 26 16:35:25 MDT 2015
# IP Build 1264090 on Wed Jun 24 14:22:01 MDT 2015
# Start of session at: Tue Oct 08 17:14:19 2019
# Process ID: 10128
# Log file: E:/Program Files_code/WORKSPACE_verilog_Vivado 2015.2/P3-3/vivado.log
# Journal file: E:/Program Files_code/WORKSPACE_verilog_Vivado 2015.2/P3-3\vivado.jou
#-----------------------------------------------------------
start_gui
open_project {E:/Program Files_code/WORKSPACE_verilog_Vivado 2015.2/P3-3/P3-3.xpr}
launch_simulation
source test_adder.tcl
close_sim
launch_simulation
source test_adder.tcl
close_sim
launch_simulation
source test_adder.tcl
close_sim
launch_simulation
source test_adder.tcl
close_sim
launch_simulation
source test_adder.tcl
close_sim
launch_simulation
source test_adder.tcl
close_sim
launch_simulation
source test_adder.tcl
close_sim
launch_simulation
source test_adder.tcl
close_sim
launch_simulation
source test_adder.tcl
close_sim
update_compile_order -fileset sim_1
update_compile_order -fileset sim_1
update_compile_order -fileset sim_1
update_compile_order -fileset sim_1
launch_simulation
source test_adder.tcl
close_sim
synth_design -rtl -name rtl_1
close_design
reset_run synth_1
launch_runs synth_1
wait_on_run synth_1
open_run synth_1 -name synth_1
close_design
close_project
